app/(authenticated)/events/[id]/check-kits/page.tsx(15,27): error TS2339: Property 'id' does not exist on type 'never'.
app/(authenticated)/events/[id]/edit/page.tsx(17,27): error TS2339: Property 'id' does not exist on type 'never'.
app/(authenticated)/events/[id]/edit/page.tsx(32,79): error TS2339: Property 'name' does not exist on type 'never'.
app/(authenticated)/events/[id]/edit/page.tsx(32,100): error TS2339: Property 'name' does not exist on type 'never'.
app/(authenticated)/events/[id]/edit/page.tsx(33,50): error TS2339: Property 'id' does not exist on type 'never'.
app/(authenticated)/events/[id]/return/page.tsx(17,27): error TS2339: Property 'id' does not exist on type 'never'.
app/(authenticated)/events/[id]/return/page.tsx(29,34): error TS2339: Property 'id' does not exist on type 'never'.
app/(authenticated)/events/[id]/return/page.tsx(47,44): error TS2339: Property 'id' does not exist on type 'never'.
app/(authenticated)/events/[id]/return/page.tsx(47,62): error TS2339: Property 'name' does not exist on type 'never'.
app/(authenticated)/events/actions.ts(38,8): error TS2769: No overload matches this call.
  Overload 1 of 2, '(values: never, options?: { count?: "exact" | "planned" | "estimated" | undefined; } | undefined): PostgrestFilterBuilder<{ PostgrestVersion: "12"; }, never, never, null, "events", never, "POST">', gave the following error.
    Argument of type '{ name: string; location: string; staff: string; event_date: string; }' is not assignable to parameter of type 'never'.
  Overload 2 of 2, '(values: never[], options?: { count?: "exact" | "planned" | "estimated" | undefined; defaultToNull?: boolean | undefined; } | undefined): PostgrestFilterBuilder<{ PostgrestVersion: "12"; }, never, never, null, "events", never, "POST">', gave the following error.
    Object literal may only specify known properties, and 'name' does not exist in type 'never[]'.
app/(authenticated)/events/actions.ts(55,19): error TS2345: Argument of type '{ event_id: any; }' is not assignable to parameter of type 'never'.
app/(authenticated)/events/actions.ts(55,37): error TS2339: Property 'id' does not exist on type 'never'.
app/(authenticated)/events/actions.ts(95,15): error TS2345: Argument of type '{ name: string; location: string; staff: string; }' is not assignable to parameter of type 'never'.
app/(authenticated)/events/actions.ts(122,32): error TS2339: Property 'kit_contents' does not exist on type 'never'.
app/(authenticated)/events/actions.ts(129,23): error TS2345: Argument of type '{ status: string; }' is not assignable to parameter of type 'never'.
app/(authenticated)/events/actions.ts(138,15): error TS2345: Argument of type '{ event_id: null; }' is not assignable to parameter of type 'never'.
app/(authenticated)/events/actions.ts(145,19): error TS2345: Argument of type '{ event_id: string; }' is not assignable to parameter of type 'never'.
app/(authenticated)/events/actions.ts(192,21): error TS2339: Property 'id' does not exist on type 'never'.
app/(authenticated)/events/actions.ts(193,23): error TS2339: Property 'name' does not exist on type 'never'.
app/(authenticated)/events/actions.ts(195,21): error TS2339: Property 'kit_contents' does not exist on type 'never'.
app/(authenticated)/events/actions.ts(208,11): error TS2769: No overload matches this call.
  Overload 1 of 2, '(values: never, options?: { count?: "exact" | "planned" | "estimated" | undefined; } | undefined): PostgrestFilterBuilder<{ PostgrestVersion: "12"; }, never, never, null, "event_closures", never, "POST">', gave the following error.
    Argument of type '{ event_name: any; event_date: any; event_location: any; closed_by: string; kits_snapshot: { kitId: any; kitName: any; items: any; }[]; image_urls: string[]; }' is not assignable to parameter of type 'never'.
  Overload 2 of 2, '(values: never[], options?: { count?: "exact" | "planned" | "estimated" | undefined; defaultToNull?: boolean | undefined; } | undefined): PostgrestFilterBuilder<{ PostgrestVersion: "12"; }, never, never, null, "event_closures", never, "POST">', gave the following error.
    Object literal may only specify known properties, and 'event_name' does not exist in type 'never[]'.
app/(authenticated)/events/actions.ts(209,33): error TS2339: Property 'name' does not exist on type 'never'.
app/(authenticated)/events/actions.ts(210,33): error TS2339: Property 'event_date' does not exist on type 'never'.
app/(authenticated)/events/actions.ts(211,37): error TS2339: Property 'location' does not exist on type 'never'.
app/(authenticated)/events/actions.ts(232,44): error TS2345: Argument of type 'any' is not assignable to parameter of type 'never'.
app/(authenticated)/events/actions.ts(239,17): error TS2345: Argument of type '{ event_id: null; }' is not assignable to parameter of type 'never'.
app/(authenticated)/events/actions.ts(254,23): error TS2339: Property 'name' does not exist on type 'never'.
app/(authenticated)/events/events-view.tsx(99,35): error TS2322: Type 'string | undefined' is not assignable to type 'string'.
  Type 'undefined' is not assignable to type 'string'.
app/(authenticated)/example-kits/[id]/page.tsx(16,33): error TS2339: Property 'id' does not exist on type 'never'.
app/(authenticated)/example-kits/actions.ts(55,74): error TS2769: No overload matches this call.
  Overload 1 of 2, '(values: never, options?: { count?: "exact" | "planned" | "estimated" | undefined; } | undefined): PostgrestFilterBuilder<{ PostgrestVersion: "12"; }, never, never, null, "kit_templates", never, "POST">', gave the following error.
    Argument of type '{ name: string; description: string; type: string; }' is not assignable to parameter of type 'never'.
  Overload 2 of 2, '(values: never[], options?: { count?: "exact" | "planned" | "estimated" | undefined; defaultToNull?: boolean | undefined; } | undefined): PostgrestFilterBuilder<{ PostgrestVersion: "12"; }, never, never, null, "kit_templates", never, "POST">', gave the following error.
    Object literal may only specify known properties, and 'name' does not exist in type 'never[]'.
app/(authenticated)/example-kits/actions.ts(67,33): error TS2339: Property 'id' does not exist on type 'never'.
app/(authenticated)/example-kits/actions.ts(73,91): error TS2769: No overload matches this call.
  Overload 1 of 2, '(values: never, options?: { count?: "exact" | "planned" | "estimated" | undefined; } | undefined): PostgrestFilterBuilder<{ PostgrestVersion: "12"; }, never, never, null, "kit_template_contents", never, "POST">', gave the following error.
    Argument of type '{ template_id: any; item_name: string; quantity: number; status: string; }[]' is not assignable to parameter of type 'never'.
  Overload 2 of 2, '(values: never[], options?: { count?: "exact" | "planned" | "estimated" | undefined; defaultToNull?: boolean | undefined; } | undefined): PostgrestFilterBuilder<{ PostgrestVersion: "12"; }, never, never, null, "kit_template_contents", never, "POST">', gave the following error.
    Argument of type '{ template_id: any; item_name: string; quantity: number; status: string; }[]' is not assignable to parameter of type 'never[]'.
      Type '{ template_id: any; item_name: string; quantity: number; status: string; }' is not assignable to type 'never'.
app/(authenticated)/example-kits/actions.ts(105,25): error TS2339: Property 'name' does not exist on type 'never'.
app/(authenticated)/example-kits/example-kits-view.tsx(45,77): error TS2367: This comparison appears to be unintentional because the types '"pending" | "ready" | "in-progress"' and '"none"' have no overlap.
app/(authenticated)/example-kits/example-kits-view.tsx(56,26): error TS18048: 't_item.kit_template_contents.length' is possibly 'undefined'.
app/(authenticated)/example-kits/page.tsx(14,13): error TS2339: Property 'kit_template_contents' does not exist on type 'never'.
app/(authenticated)/example-kits/page.tsx(15,13): error TS2339: Property 'kit_template_contents' does not exist on type 'never'.
app/(authenticated)/items/actions.ts(76,65): error TS2769: No overload matches this call.
  Overload 1 of 2, '(values: never, options?: { count?: "exact" | "planned" | "estimated" | undefined; } | undefined): PostgrestFilterBuilder<{ PostgrestVersion: "12"; }, never, never, null, "items", never, "POST">', gave the following error.
    Argument of type '{ name: string; category: string; serial_number: string; description: string | null; status: string; price: number | null; quantity: number; image_url: string | null; }' is not assignable to parameter of type 'never'.
  Overload 2 of 2, '(values: never[], options?: { count?: "exact" | "planned" | "estimated" | undefined; defaultToNull?: boolean | undefined; } | undefined): PostgrestFilterBuilder<{ PostgrestVersion: "12"; }, never, never, null, "items", never, "POST">', gave the following error.
    Object literal may only specify known properties, and 'name' does not exist in type 'never[]'.
app/(authenticated)/items/cleanup-items.ts(61,39): error TS2339: Property 'kit_contents' does not exist on type 'never'.
app/(authenticated)/items/cleanup-items.ts(64,27): error TS2339: Property 'id' does not exist on type 'never'.
app/(authenticated)/items/cleanup-items.ts(77,17): error TS2345: Argument of type '{ status: string; }' is not assignable to parameter of type 'never'.
app/(authenticated)/items/items-view.tsx(24,25): error TS2322: Type 'import("D:/imageautomat/stock/types/database.types").Item[]' is not assignable to type 'Item[]'.
  Type 'import("D:/imageautomat/stock/types/database.types").Item' is not assignable to type 'Item'.
    Types of property 'category' are incompatible.
      Type 'string | null' is not assignable to type 'string'.
        Type 'null' is not assignable to type 'string'.
app/(authenticated)/kits/[id]/check/actions.ts(15,13): error TS2345: Argument of type '{ status: string; }' is not assignable to parameter of type 'never'.
app/(authenticated)/kits/[id]/check/actions.ts(30,72): error TS2769: No overload matches this call.
  Overload 1 of 2, '(values: never, options?: { count?: "exact" | "planned" | "estimated" | undefined; } | undefined): PostgrestFilterBuilder<{ PostgrestVersion: "12"; }, never, never, null, "event_logs", never, "POST">', gave the following error.
    Argument of type '{ event_id: string; item_id: string; kit_id: string; user_id: string; action: string; condition: string; }[]' is not assignable to parameter of type 'never'.
  Overload 2 of 2, '(values: never[], options?: { count?: "exact" | "planned" | "estimated" | undefined; defaultToNull?: boolean | undefined; } | undefined): PostgrestFilterBuilder<{ PostgrestVersion: "12"; }, never, never, null, "event_logs", never, "POST">', gave the following error.
    Argument of type '{ event_id: string; item_id: string; kit_id: string; user_id: string; action: string; condition: string; }[]' is not assignable to parameter of type 'never[]'.
      Type '{ event_id: string; item_id: string; kit_id: string; user_id: string; action: string; condition: string; }' is not assignable to type 'never'.
app/(authenticated)/kits/[id]/check/actions.ts(51,17): error TS2345: Argument of type '{ status: string; }' is not assignable to parameter of type 'never'.
app/(authenticated)/kits/[id]/check/actions.ts(57,67): error TS2769: No overload matches this call.
  Overload 1 of 2, '(values: never, options?: { count?: "exact" | "planned" | "estimated" | undefined; } | undefined): PostgrestFilterBuilder<{ PostgrestVersion: "12"; }, never, never, null, "event_logs", never, "POST">', gave the following error.
    Argument of type '{ event_id: string; item_id: string; kit_id: string; user_id: string; action: string; condition: "lost" | "damaged" | "good"; note: string | undefined; }' is not assignable to parameter of type 'never'.
  Overload 2 of 2, '(values: never[], options?: { count?: "exact" | "planned" | "estimated" | undefined; defaultToNull?: boolean | undefined; } | undefined): PostgrestFilterBuilder<{ PostgrestVersion: "12"; }, never, never, null, "event_logs", never, "POST">', gave the following error.
    Object literal may only specify known properties, and 'event_id' does not exist in type 'never[]'.
app/(authenticated)/kits/[id]/check/page.tsx(36,52): error TS2339: Property 'name' does not exist on type 'never'.
app/(authenticated)/kits/[id]/page.tsx(17,23): error TS2339: Property 'id' does not exist on type 'never'.
app/(authenticated)/kits/[id]/page.tsx(26,77): error TS2339: Property 'id' does not exist on type 'never'.
app/(authenticated)/kits/actions.ts(29,63): error TS2769: No overload matches this call.
  Overload 1 of 2, '(values: never, options?: { count?: "exact" | "planned" | "estimated" | undefined; } | undefined): PostgrestFilterBuilder<{ PostgrestVersion: "12"; }, never, never, null, "kits", never, "POST">', gave the following error.
    Argument of type '{ name: string; description: string; }' is not assignable to parameter of type 'never'.
  Overload 2 of 2, '(values: never[], options?: { count?: "exact" | "planned" | "estimated" | undefined; defaultToNull?: boolean | undefined; } | undefined): PostgrestFilterBuilder<{ PostgrestVersion: "12"; }, never, never, null, "kits", never, "POST">', gave the following error.
    Object literal may only specify known properties, and 'name' does not exist in type 'never[]'.
app/(authenticated)/kits/actions.ts(63,20): error TS2339: Property 'name' does not exist on type 'never'.
app/(authenticated)/kpi/actions.ts(79,13): error TS2345: Argument of type 'any' is not assignable to parameter of type 'never'.
app/(authenticated)/kpi/actions.ts(172,67): error TS2345: Argument of type 'any' is not assignable to parameter of type 'never'.
app/(authenticated)/kpi/actions.ts(246,67): error TS2345: Argument of type 'any' is not assignable to parameter of type 'never'.
app/(authenticated)/logs/page.tsx(27,37): error TS2322: Type 'PostgrestError | null' is not assignable to type 'string | null'.
  Type 'PostgrestError' is not assignable to type 'string'.
app/(authenticated)/stock/dashboard/dashboard-view.tsx(91,26): error TS2339: Property 'login_at' does not exist on type '{}'.
app/(authenticated)/stock/dashboard/dashboard-view.tsx(91,50): error TS2339: Property 'login_at' does not exist on type '{}'.
app/(authenticated)/stock/dashboard/dashboard-view.tsx(94,18): error TS2339: Property 'latitude' does not exist on type '{}'.
app/(authenticated)/stock/dashboard/dashboard-view.tsx(94,34): error TS2339: Property 'longitude' does not exist on type '{}'.
app/(authenticated)/stock/dashboard/dashboard-view.tsx(96,60): error TS2339: Property 'latitude' does not exist on type '{}'.
app/(authenticated)/stock/dashboard/dashboard-view.tsx(96,76): error TS2339: Property 'longitude' does not exist on type '{}'.
app/(authenticated)/stock/dashboard/page.tsx(23,52): error TS2345: Argument of type 'string | undefined' is not assignable to parameter of type '{}'.
  Type 'undefined' is not assignable to type '{}'.
app/(authenticated)/stock/dashboard/page.tsx(24,59): error TS2345: Argument of type 'string | undefined' is not assignable to parameter of type '{}'.
  Type 'undefined' is not assignable to type '{}'.
app/(authenticated)/users/page.tsx(27,37): error TS2339: Property 'id' does not exist on type 'never'.
app/(authenticated)/users/page.tsx(34,30): error TS2339: Property 'selfie_url' does not exist on type 'never'.
app/(authenticated)/users/page.tsx(37,47): error TS2339: Property 'selfie_url' does not exist on type 'never'.
app/(authenticated)/users/page.tsx(42,17): error TS2698: Spread types may only be created from object types.
app/(authenticated)/users/page.tsx(44,45): error TS2339: Property 'login_at' does not exist on type 'never'.
app/(authenticated)/users/users-view.tsx(26,33): error TS2322: Type 'Profile[]' is not assignable to type 'UserWithLogin[]'.
  Type 'Profile' is not assignable to type 'UserWithLogin'.
    Types of property 'full_name' are incompatible.
      Type 'string | undefined' is not assignable to type 'string'.
        Type 'undefined' is not assignable to type 'string'.
app/login/actions.ts(64,14): error TS2339: Property 'pin' does not exist on type 'never'.
app/login/actions.ts(68,15): error TS2339: Property 'is_approved' does not exist on type 'never'.
app/login/actions.ts(76,34): error TS2339: Property 'id' does not exist on type 'never'.
app/login/actions.ts(102,39): error TS2769: No overload matches this call.
  Overload 1 of 2, '(values: never, options?: { count?: "exact" | "planned" | "estimated" | undefined; } | undefined): PostgrestFilterBuilder<{ PostgrestVersion: "12"; }, never, never, null, "login_logs", never, "POST">', gave the following error.
    Argument of type '{ user_id: any; latitude: number | null; longitude: number | null; selfie_url: string; }' is not assignable to parameter of type 'never'.
  Overload 2 of 2, '(values: never[], options?: { count?: "exact" | "planned" | "estimated" | undefined; defaultToNull?: boolean | undefined; } | undefined): PostgrestFilterBuilder<{ PostgrestVersion: "12"; }, never, never, null, "login_logs", never, "POST">', gave the following error.
    Object literal may only specify known properties, and 'user_id' does not exist in type 'never[]'.
app/login/actions.ts(103,23): error TS2339: Property 'id' does not exist on type 'never'.
app/login/actions.ts(111,17): error TS2345: Argument of type '{ active_session_id: string; }' is not assignable to parameter of type 'never'.
app/login/actions.ts(112,24): error TS2339: Property 'id' does not exist on type 'never'.
app/login/actions.ts(119,24): error TS2339: Property 'id' does not exist on type 'never'.
app/login/actions.ts(125,51): error TS2339: Property 'id' does not exist on type 'never'.
app/login/actions.ts(126,48): error TS2339: Property 'role' does not exist on type 'never'.
app/login/actions.ts(160,70): error TS2769: No overload matches this call.
  Overload 1 of 2, '(values: never, options?: { count?: "exact" | "planned" | "estimated" | undefined; } | undefined): PostgrestFilterBuilder<{ PostgrestVersion: "12"; }, never, never, null, "profiles", never, "POST">', gave the following error.
    Argument of type '{ full_name: string; phone: string; pin: string; role: string; is_approved: boolean; }' is not assignable to parameter of type 'never'.
  Overload 2 of 2, '(values: never[], options?: { count?: "exact" | "planned" | "estimated" | undefined; defaultToNull?: boolean | undefined; } | undefined): PostgrestFilterBuilder<{ PostgrestVersion: "12"; }, never, never, null, "profiles", never, "POST">', gave the following error.
    Object literal may only specify known properties, and 'full_name' does not exist in type 'never[]'.
app/login/actions.ts(174,75): error TS2339: Property 'id' does not exist on type 'never'.
app/login/actions.ts(199,48): error TS2345: Argument of type '{ active_session_id: null; }' is not assignable to parameter of type 'never'.
app/login/page.tsx(20,77): error TS2769: No overload matches this call.
  Overload 1 of 2, '(action: (state: { error: string; success?: undefined; } | { error: string; success: string; }) => { error: string; success?: undefined; } | { error: string; success: string; } | Promise<{ error: string; success?: undefined; } | { ...; }>, initialState: { ...; } | { ...; }, permalink?: string | undefined): [state: ...]', gave the following error.
    Argument of type '(prevState: ActionState, formData: FormData) => Promise<{ error: string; success?: undefined; } | { error: string; success: string; }>' is not assignable to parameter of type '(state: { error: string; success?: undefined; } | { error: string; success: string; }) => { error: string; success?: undefined; } | { error: string; success: string; } | Promise<{ error: string; success?: undefined; } | { ...; }>'.
      Target signature provides too few arguments. Expected 2 or more, but got 1.
  Overload 2 of 2, '(action: (state: { error: string; success?: undefined; } | { error: string; success: string; }, payload: FormData) => { error: string; success?: undefined; } | { error: string; success: string; } | Promise<...>, initialState: { ...; } | { ...; }, permalink?: string | undefined): [state: ...]', gave the following error.
    Argument of type '(prevState: ActionState, formData: FormData) => Promise<{ error: string; success?: undefined; } | { error: string; success: string; }>' is not assignable to parameter of type '(state: { error: string; success?: undefined; } | { error: string; success: string; }, payload: FormData) => { error: string; success?: undefined; } | { error: string; success: string; } | Promise<...>'.
      Types of parameters 'prevState' and 'state' are incompatible.
        Type '{ error: string; success?: undefined; } | { error: string; success: string; }' is not assignable to type 'ActionState'.
          Type '{ error: string; success: string; }' is not assignable to type 'ActionState'.
            Types of property 'success' are incompatible.
              Type 'string' is not assignable to type 'boolean | undefined'.
